[36mvite v5.4.21 [32mbuilding for production...[36m[39m
transforming...
[32m??[39m 1870 modules transformed.
node.exe : [31mx[39m Build failed in 4.96s
위치 줄:1 문자:1
+ & "C:\Program Files\nodejs/node.exe" "C:\Program Files\nodejs/node_mo
 ...
+ ~~~~~~~~~~~~~~~~~~~~~~~~~~~~~~~~~~~~~~~~~~~~~~~~~~~~~~~~~~~~~~~~~~~~~
    + CategoryInfo          : NotSpecified: ([31mx[39m Build failed  
   in 4.96s:String) [], RemoteException
    + FullyQualifiedErrorId : NativeCommandError
 
[31merror during build:
[31mCould not resolve "../AnalyticsTab" from "src/components/admin/sta
tistics/AdminStatistics.jsx"[31m
file: [36mD:/coding/ENTER/src/components/admin/statistics/AdminStatist
ics.jsx[31m
    at getRollupError (file:///D:/coding/ENTER/node_modules/rollup/dist
/es/shared/parseAst.js:401:41)
    at error (file:///D:/coding/ENTER/node_modules/rollup/dist/es/share
d/parseAst.js:397:42)
    at ModuleLoader.handleInvalidResolvedId (file:///D:/coding/ENTER/no
de_modules/rollup/dist/es/shared/node-entry.js:21710:24)
    at file:///D:/coding/ENTER/node_modules/rollup/dist/es/shared/node-
entry.js:21670:26[39m
